python : test_pipeline_flow (_
_main__.TestAILayer.test_pipel
ine_flow) ... FAIL
At line:1 char:1
+ python test_ai_layer.py -v 
> test_output.txt 2>&1
+ ~~~~~~~~~~~~~~~~~~~~~~~~~~~~
~~~~~~~~~~~~~~~~~~~~~
    + CategoryInfo          : 
    NotSpecified: (test_pipe  
  line_f..._flow) ... FAIL:   
 String) [], RemoteExcepti    
on
    + FullyQualifiedErrorId : 
    NativeCommandError
 
test_refill_logic (__main__.Te
stAILayer.test_refill_logic) 
... ok

==============================
==============================
==========
FAIL: test_pipeline_flow (__ma
in__.TestAILayer.test_pipeline
_flow)
------------------------------
------------------------------
----------
Traceback (most recent call 
last):
  File "C:\Users\M Ruhan\AppDa
ta\Local\Programs\Python\Pytho
n313\Lib\unittest\mock.py", 
line 1426, in patched
    return func(*newargs, 
**newkeywargs)
  File "C:\Users\M Ruhan\OneDr
ive\Desktop\Smart-Prescription
-Medicine-Reminder\test_ai_lay
er.py", line 41, in 
test_pipeline_flow
    self.assertEqual(med2["qua
ntity_required"], 14) # 2 * 7
    ~~~~~~~~~~~~~~~~^^^^^^^^^^
^^^^^^^^^^^^^^^^^^^^^
AssertionError: 10 != 14

------------------------------
------------------------------
----------
Ran 2 tests in 0.008s

FAILED (failures=1)
